// Jest Snapshot v1, https://goo.gl/fbAQLP

exports[`UserBalance renders properly 1`] = `
ShallowWrapper {
  Symbol(enzyme.__root__): [Circular],
  Symbol(enzyme.__unrendered__): <UserBalance
    balance={20}
    deposit={[MockFunction]}
    withdraw={[MockFunction]}
  />,
  Symbol(enzyme.__renderer__): Object {
    "batchedUpdates": [Function],
    "checkPropTypes": [Function],
    "getNode": [Function],
    "render": [Function],
    "simulateError": [Function],
    "simulateEvent": [Function],
    "unmount": [Function],
  },
  Symbol(enzyme.__node__): Object {
    "instance": null,
    "key": undefined,
    "nodeType": "host",
    "props": Object {
      "children": Array [
        <h3
          className="balance"
        >
          Balance: 
          20
        </h3>,
        <input
          className="input-wallet ui input"
          onChange={[Function]}
        />,
        <button
          className="btn-deposit ui button"
          onClick={[Function]}
        >
          Deposit
        </button>,
        <button
          className="btn-withdraw ui button"
          onClick={[Function]}
        >
          Withdraw
        </button>,
      ],
    },
    "ref": null,
    "rendered": Array [
      Object {
        "instance": null,
        "key": undefined,
        "nodeType": "host",
        "props": Object {
          "children": Array [
            "Balance: ",
            20,
          ],
          "className": "balance",
        },
        "ref": null,
        "rendered": Array [
          "Balance: ",
          20,
        ],
        "type": "h3",
      },
      Object {
        "instance": null,
        "key": undefined,
        "nodeType": "host",
        "props": Object {
          "className": "input-wallet ui input",
          "onChange": [Function],
        },
        "ref": null,
        "rendered": null,
        "type": "input",
      },
      Object {
        "instance": null,
        "key": undefined,
        "nodeType": "host",
        "props": Object {
          "children": "Deposit",
          "className": "btn-deposit ui button",
          "onClick": [Function],
        },
        "ref": null,
        "rendered": "Deposit",
        "type": "button",
      },
      Object {
        "instance": null,
        "key": undefined,
        "nodeType": "host",
        "props": Object {
          "children": "Withdraw",
          "className": "btn-withdraw ui button",
          "onClick": [Function],
        },
        "ref": null,
        "rendered": "Withdraw",
        "type": "button",
      },
    ],
    "type": "div",
  },
  Symbol(enzyme.__nodes__): Array [
    Object {
      "instance": null,
      "key": undefined,
      "nodeType": "host",
      "props": Object {
        "children": Array [
          <h3
            className="balance"
          >
            Balance: 
            20
          </h3>,
          <input
            className="input-wallet ui input"
            onChange={[Function]}
          />,
          <button
            className="btn-deposit ui button"
            onClick={[Function]}
          >
            Deposit
          </button>,
          <button
            className="btn-withdraw ui button"
            onClick={[Function]}
          >
            Withdraw
          </button>,
        ],
      },
      "ref": null,
      "rendered": Array [
        Object {
          "instance": null,
          "key": undefined,
          "nodeType": "host",
          "props": Object {
            "children": Array [
              "Balance: ",
              20,
            ],
            "className": "balance",
          },
          "ref": null,
          "rendered": Array [
            "Balance: ",
            20,
          ],
          "type": "h3",
        },
        Object {
          "instance": null,
          "key": undefined,
          "nodeType": "host",
          "props": Object {
            "className": "input-wallet ui input",
            "onChange": [Function],
          },
          "ref": null,
          "rendered": null,
          "type": "input",
        },
        Object {
          "instance": null,
          "key": undefined,
          "nodeType": "host",
          "props": Object {
            "children": "Deposit",
            "className": "btn-deposit ui button",
            "onClick": [Function],
          },
          "ref": null,
          "rendered": "Deposit",
          "type": "button",
        },
        Object {
          "instance": null,
          "key": undefined,
          "nodeType": "host",
          "props": Object {
            "children": "Withdraw",
            "className": "btn-withdraw ui button",
            "onClick": [Function],
          },
          "ref": null,
          "rendered": "Withdraw",
          "type": "button",
        },
      ],
      "type": "div",
    },
  ],
  Symbol(enzyme.__options__): Object {
    "adapter": ReactSixteenAdapter {
      "options": Object {
        "enableComponentDidUpdateOnSetState": true,
        "legacyContextMode": "parent",
        "lifecycles": Object {
          "componentDidUpdate": Object {
            "onSetState": true,
          },
          "getChildContext": Object {
            "calledByRenderer": false,
          },
          "getDerivedStateFromProps": Object {
            "hasShouldComponentUpdateBug": false,
          },
          "getSnapshotBeforeUpdate": true,
          "setState": Object {
            "skipsComponentDidUpdateOnNullish": true,
          },
        },
      },
    },
    "disableLifecycleMethods": true,
  },
}
`;
